8051 Assembler           Version 1.00   02/03/123 23:24:19    Page 1
C:\IGOR\STUDIES\8051_assembly\aulas_2023\aula10\source_aula010.a51



    1 0000              ;
    2 0000              ; Curso de Assemply para 8051 WR Kits
    3 0000              ;
    4 0000              ; Aula 10: Acessando Dados de um Banco
    5 0000              ;
    6 0000              ; Igor Menezes
    7 0000              ;
    8 0000              ; Fevereiro de 2023
    9 0000              ;
   10 0000              
   11 0000              ; --- Vetor de RESET ---
   12 0000                      org     0000h           ;Origem no endereço 00h de memória
   13 0000 7800                 mov     r0,#0d          ;Move a constante 0 para r0
   14 0002 90000F               mov     dptr,#banco     ;Endereço inicial do banco para dptr
   15 0005              
   16 0005              ; --- Rotina Principal ---
   17 0005              princ:
   18 0005 E8                   mov     a,r0            ;Move o conteúdo de r0 para o acc
   19 0006 93                   movc    a,@a+dptr       ;Move o byte relativo de dptr somado
   20 0007                                              ;com o valo de acc para o acc
   21 0007 F580                 mov     p0,a            ;Move o conteúdo de acc para Port0
   22 0009 08                   inc     r0              :Incrementa r0
   23 000A B808F8               cjne    r0,#8d,princ    ;Compara r0 com 0 e pula se não for igual
   24 000D 010D                 ajmp    $               ;Segura o código nesta linha
   25 000F              
   26 000F              ; --- Banco ---
   27 000F              banco:
   28 000F 01                   db      01h             ; 0000 0001b
   29 0010 02                   db      02h             ; 0000 0010b
   30 0011 04                   db      04h             ; 0000 0100b
   31 0012 08                   db      08h             ; 0000 1000b
   32 0013 10                   db      10h             ; 0001 0000b
   33 0014 20                   db      20h             ; 0010 0000b
   34 0015 40                   db      40h             ; 0100 0000b
   35 0016 80                   db      80h             ; 1000 0000b
   36 0017              
   37 0017                      end                     ;Final do programa        

Defined Symbols:

Defined Labels:
  BANCO                                     00000F  15
  PRINC                                     000005  5
